01-07-2026 10:00:16 [INFO] === JOB backend=pdftoprinter params={'printer': '\\\\brs2virt13\\BRS2-PR09', 'copies': 1, 'duplex': 'simplex', 'orientation': 'portrait', 'paper_size': '9', 'tray': 'auto', 'slot_index': 0, 'pdf_path': 'C:\\Users\\nathasou\\AppData\\Local\\Temp\\artemis_h2p2jx88.pdf'}
01-07-2026 10:00:16 [INFO] comando PDFtoPrinter: ['PDFtoPrinter.exe', 'focus="Impressão de AR"', '\\\\brs2virt13\\BRS2-PR09', 'C:\\Users\\nathasou\\AppData\\Local\\Temp\\artemis_h2p2jx88.pdf']
01-07-2026 10:01:22 [INFO] RESULT ok backend=pdftoprinter msg=Enviado via PDFtoPrinter
01-07-2026 10:02:46 [INFO] === JOB backend=ghostscript params={'printer': '\\\\brs2virt13\\BRS2-PR09', 'copies': 1, 'duplex': 'simplex', 'orientation': 'portrait', 'paper_size': '9', 'tray': 'auto', 'slot_index': 0, 'pdf_path': 'C:\\Users\\nathasou\\AppData\\Local\\Temp\\artemis_eb6n94pg.pdf'}
01-07-2026 10:02:46 [INFO] comando Ghostscript: ['C:\\Users\\nathasou\\OneDrive - myidemia\\Bureau\\ArtemiS Cursor\\vendor\\ghostscript\\bin\\gswin64c.exe', '-dNOPAUSE', '-dBATCH', '-dQUIET', '-sDEVICE=mswinpr2', '-sOutputFile=%printer%\\\\brs2virt13\\BRS2-PR09', '-sPAPERSIZE=a4', 'C:\\Users\\nathasou\\AppData\\Local\\Temp\\artemis_eb6n94pg.pdf']
01-07-2026 10:02:51 [INFO] RESULT ok backend=ghostscript msg=Enviado via Ghostscript
01-07-2026 10:03:45 [INFO] === JOB backend=ghostscript params={'printer': '\\\\brs2virt13\\BRS2-PR09', 'copies': 1, 'duplex': 'simplex', 'orientation': 'portrait', 'paper_size': '9', 'tray': 'auto', 'slot_index': 0, 'pdf_path': 'C:\\Users\\nathasou\\AppData\\Local\\Temp\\artemis_y8xy07lj.pdf'}
01-07-2026 10:03:45 [INFO] comando Ghostscript: ['C:\\Users\\nathasou\\OneDrive - myidemia\\Bureau\\ArtemiS Cursor\\vendor\\ghostscript\\bin\\gswin64c.exe', '-dNOPAUSE', '-dBATCH', '-dQUIET', '-sDEVICE=mswinpr2', '-sOutputFile=%printer%\\\\brs2virt13\\BRS2-PR09', '-sPAPERSIZE=a4', 'C:\\Users\\nathasou\\AppData\\Local\\Temp\\artemis_y8xy07lj.pdf']
01-07-2026 10:03:49 [INFO] RESULT ok backend=ghostscript msg=Enviado via Ghostscript
01-07-2026 10:10:27 [INFO] === JOB backend=ghostscript params={'printer': '\\\\brs2virt13\\BRS2-PR09', 'copies': 1, 'duplex': 'long_edge', 'orientation': 'portrait', 'paper_size': '9', 'tray': 'auto', 'slot_index': 0, 'pdf_path': 'C:\\Users\\nathasou\\AppData\\Local\\Temp\\artemis_kfjewsfq.pdf'}
01-07-2026 10:10:27 [INFO] comando Ghostscript: ['C:\\Users\\nathasou\\OneDrive - myidemia\\Bureau\\ArtemiS Cursor\\vendor\\ghostscript\\bin\\gswin64c.exe', '-dNOPAUSE', '-dBATCH', '-dQUIET', '-sDEVICE=mswinpr2', '-sOutputFile=%printer%\\\\brs2virt13\\BRS2-PR09', '-sPAPERSIZE=a4', '-dDuplex', '-dTumble=false', 'C:\\Users\\nathasou\\AppData\\Local\\Temp\\artemis_kfjewsfq.pdf']
01-07-2026 10:10:32 [INFO] RESULT ok backend=ghostscript msg=Enviado via Ghostscript
02-07-2026 11:50:33 [INFO] === JOB backend=ghostscript params={'printer': '\\\\brs2virt13\\BRS2-PR09', 'copies': 1, 'duplex': 'simplex', 'orientation': 'landscape', 'paper_size': '9', 'tray': 'auto', 'slot_index': 0, 'pdf_path': 'C:\\Users\\nathasou\\AppData\\Local\\Temp\\artemis_szmvgvok.pdf'}
02-07-2026 11:50:33 [INFO] comando Ghostscript: ['C:\\Users\\nathasou\\OneDrive - myidemia\\Bureau\\ArtemiS Cursor\\vendor\\ghostscript\\bin\\gswin64c.exe', '-dNOPAUSE', '-dBATCH', '-dQUIET', '-sDEVICE=mswinpr2', '-sOutputFile=%printer%\\\\brs2virt13\\BRS2-PR09', '-sPAPERSIZE=a4', '-c', '<</Orientation 1>> setpagedevice', 'C:\\Users\\nathasou\\AppData\\Local\\Temp\\artemis_szmvgvok.pdf']
02-07-2026 11:50:37 [ERROR] RESULT fail backend=ghostscript error=Erro ao imprimir via Ghostscript. detail=GPL Ghostscript 10.04.0: Unrecoverable error, exit code 1
02-07-2026 11:52:18 [INFO] === JOB backend=ghostscript params={'printer': '\\\\brs2virt13\\BRS2-PR09', 'copies': 1, 'duplex': 'simplex', 'orientation': 'portrait', 'paper_size': '9', 'tray': 'auto', 'slot_index': 0, 'pdf_path': 'C:\\Users\\nathasou\\AppData\\Local\\Temp\\artemis_4vw6slvv.pdf'}
02-07-2026 11:52:18 [INFO] comando Ghostscript: ['C:\\Users\\nathasou\\OneDrive - myidemia\\Bureau\\ArtemiS Cursor\\vendor\\ghostscript\\bin\\gswin64c.exe', '-dNOPAUSE', '-dBATCH', '-dQUIET', '-sDEVICE=mswinpr2', '-sOutputFile=%printer%\\\\brs2virt13\\BRS2-PR09', '-sPAPERSIZE=a4', 'C:\\Users\\nathasou\\AppData\\Local\\Temp\\artemis_4vw6slvv.pdf']
02-07-2026 11:52:22 [INFO] RESULT ok backend=ghostscript msg=Enviado via Ghostscript
02-07-2026 12:05:15 [INFO] === JOB backend=ghostscript params={'printer': '\\\\brs2virt13\\BRS2-PR09', 'copies': 1, 'duplex': 'simplex', 'orientation': 'landscape', 'paper_size': '9', 'tray': 'auto', 'slot_index': 0, 'pdf_path': 'C:\\Users\\nathasou\\AppData\\Local\\Temp\\artemis_v5g_54sv.pdf'}
02-07-2026 12:05:15 [INFO] comando Ghostscript: ['C:\\Users\\nathasou\\OneDrive - myidemia\\Bureau\\ArtemiS Cursor\\vendor\\ghostscript\\bin\\gswin64c.exe', '-dNOPAUSE', '-dBATCH', '-dQUIET', '-sDEVICE=mswinpr2', '-sOutputFile=%printer%\\\\brs2virt13\\BRS2-PR09', '-sPAPERSIZE=842x595', 'C:\\Users\\nathasou\\AppData\\Local\\Temp\\artemis_v5g_54sv.pdf']
02-07-2026 12:05:18 [INFO] RESULT ok backend=ghostscript msg=Enviado via Ghostscript
02-07-2026 12:07:00 [INFO] === JOB backend=ghostscript params={'printer': '\\\\brs2virt13\\BRS2-PR09', 'copies': 1, 'duplex': 'simplex', 'orientation': 'landscape', 'paper_size': '9', 'tray': 'auto', 'slot_index': 0, 'pdf_path': 'C:\\Users\\nathasou\\AppData\\Local\\Temp\\artemis_hbg9ioo4.pdf'}
02-07-2026 12:07:00 [INFO] comando Ghostscript: ['C:\\Users\\nathasou\\OneDrive - myidemia\\Bureau\\ArtemiS Cursor\\vendor\\ghostscript\\bin\\gswin64c.exe', '-dNOPAUSE', '-dBATCH', '-dQUIET', '-sDEVICE=mswinpr2', '-sOutputFile=%printer%\\\\brs2virt13\\BRS2-PR09', '-sPAPERSIZE=842x595', 'C:\\Users\\nathasou\\AppData\\Local\\Temp\\artemis_hbg9ioo4.pdf']
02-07-2026 12:07:03 [INFO] RESULT ok backend=ghostscript msg=Enviado via Ghostscript
02-07-2026 12:08:23 [INFO] === JOB backend=win32_devmode params={'printer': '\\\\brs2virt13\\BRS2-PR09', 'copies': 1, 'duplex': 'simplex', 'orientation': 'landscape', 'paper_size': '9', 'tray': 'auto', 'slot_index': 0, 'pdf_path': 'C:\\Users\\nathasou\\AppData\\Local\\Temp\\artemis_du5hl4wl.pdf'}
02-07-2026 12:08:23 [INFO] DEVMODE aplicado: {'PaperSize': 9, 'Copies': 1, 'Duplex': 1, 'Orientation': 2}
02-07-2026 12:08:23 [DEBUG] DEVMODE final: {'PaperSize': 9, 'Copies': 1, 'Duplex': 1, 'Orientation': 2, 'DefaultSource': 15, 'Fields': 58785619}
02-07-2026 12:08:23 [INFO] rasterizado em 1 página(s) @ 300 DPI
02-07-2026 12:08:26 [INFO] RESULT ok backend=win32_devmode msg=Enviado via Win32 DEVMODE (1 pág.)
02-07-2026 12:14:24 [INFO] === JOB backend=ghostscript params={'printer': '\\\\brs2virt13\\BRS2-PR09', 'copies': 1, 'duplex': 'simplex', 'orientation': 'landscape', 'paper_size': '9', 'tray': 'auto', 'slot_index': 0, 'pdf_path': 'C:\\Users\\nathasou\\AppData\\Local\\Temp\\artemis_gw7dnn1u.pdf'}
02-07-2026 12:14:24 [INFO] paisagem: mswinpr2 não controla orientação por job; usando DEVMODE+GDI (Ghostscript rasteriza, GDI imprime)
02-07-2026 12:14:24 [INFO] DEVMODE aplicado: {'PaperSize': 9, 'Copies': 1, 'Duplex': 1, 'Orientation': 2}
02-07-2026 12:14:24 [DEBUG] DEVMODE final: {'PaperSize': 9, 'Copies': 1, 'Duplex': 1, 'Orientation': 2, 'DefaultSource': 15, 'Fields': 58785619}
02-07-2026 12:14:25 [INFO] rasterizado em 1 página(s) @ 300 DPI
02-07-2026 12:14:28 [INFO] RESULT ok backend=ghostscript msg=Enviado via Ghostscript (paisagem, 1 pág.)
02-07-2026 12:15:21 [INFO] === JOB backend=ghostscript params={'printer': '\\\\brs2virt13\\BRS2-PR09', 'copies': 1, 'duplex': 'simplex', 'orientation': 'landscape', 'paper_size': '9', 'tray': 'auto', 'slot_index': 0, 'pdf_path': 'C:\\Users\\nathasou\\AppData\\Local\\Temp\\artemis_9nf7tsjm.pdf'}
02-07-2026 12:15:21 [INFO] paisagem: mswinpr2 não controla orientação por job; usando DEVMODE+GDI (Ghostscript rasteriza, GDI imprime)
02-07-2026 12:15:21 [INFO] DEVMODE aplicado: {'PaperSize': 9, 'Copies': 1, 'Duplex': 1, 'Orientation': 2}
02-07-2026 12:15:21 [DEBUG] DEVMODE final: {'PaperSize': 9, 'Copies': 1, 'Duplex': 1, 'Orientation': 2, 'DefaultSource': 15, 'Fields': 58785619}
02-07-2026 12:15:21 [INFO] rasterizado em 1 página(s) @ 300 DPI
02-07-2026 12:15:24 [INFO] RESULT ok backend=ghostscript msg=Enviado via Ghostscript (paisagem, 1 pág.)
02-07-2026 12:16:38 [INFO] === JOB backend=ghostscript params={'printer': '\\\\brs2virt13\\BRS2-PR09', 'copies': 1, 'duplex': 'long_edge', 'orientation': 'landscape', 'paper_size': '9', 'tray': 'auto', 'slot_index': 0, 'pdf_path': 'C:\\Users\\nathasou\\AppData\\Local\\Temp\\artemis_i1brykcw.pdf'}
02-07-2026 12:16:38 [INFO] paisagem: mswinpr2 não controla orientação por job; usando DEVMODE+GDI (Ghostscript rasteriza, GDI imprime)
02-07-2026 12:16:38 [INFO] DEVMODE aplicado: {'PaperSize': 9, 'Copies': 1, 'Duplex': 2, 'Orientation': 2}
02-07-2026 12:16:38 [DEBUG] DEVMODE final: {'PaperSize': 9, 'Copies': 1, 'Duplex': 2, 'Orientation': 2, 'DefaultSource': 15, 'Fields': 58785619}
02-07-2026 12:16:39 [INFO] rasterizado em 2 página(s) @ 300 DPI
02-07-2026 12:16:44 [INFO] RESULT ok backend=ghostscript msg=Enviado via Ghostscript (paisagem, 2 pág.)
